// Jest Snapshot v1, https://goo.gl/fbAQLP

exports[`generateSlovenskoSkXml priznanieKDaniZNehnutelnostiExample5 xx 1`] = `
"<?xml version="1.0" encoding="UTF-8"?>
<!DOCTYPE html
  PUBLIC "-//W3C//DTD XHTML 1.0 Strict//EN" "http://www.w3.org/TR/xhtml1/DTD/xhtml1-strict.dtd">
<html xmlns="http://www.w3.org/1999/xhtml"
      xmlns:e="http://schemas.gov.sk/form/esmao.eforms.bratislava.obec_024/201501.2"
      xml:lang="sk"
      lang="sk">
   <head>
      <title>Priznanie k dani z nehnuteľností</title>
      <style type="text/css">
          .mb-4 {
     margin-bottom: 16px;
}
 .mt-4 {
     margin-top: 16px;
}
 .flex {
     display: flex;
}
 .flex-1 {
     flex: 1 1 0%;
}
 .shrink-0 {
     flex-shrink: 0;
}
 .flex-row {
     flex-direction: row;
}
 .flex-col {
     flex-direction: column;
}
 .flex-nowrap {
     flex-wrap: nowrap;
}
 .items-center {
     align-items: center;
}
 .gap-2 {
     gap: 8px;
}
 .gap-4 {
     gap: 16px;
}
 .gap-6 {
     gap: 24px;
}
 .gap-8 {
     gap: 32px;
}
 .whitespace-pre-wrap {
     white-space: pre-wrap;
}
 .rounded-xl {
     border-radius: 12px;
}
 .border {
     border-width: 1px;
}
 .border-b-2 {
     border-bottom-width: 2px;
}
 .border-gray-200 {
     border-color: rgb(229, 231, 235);
}
 .bg-gray-50 {
     background-color: rgb(249, 250, 251);
}
 .p-6 {
     padding: 24px;
}
 .py-2 {
     padding-top: 8px;
     padding-bottom: 8px;
}
 .py-2.5 {
     padding-top: 10px;
     padding-bottom: 10px;
}
 .font-sans {
     font-family: Inter, sans-serif;
}
 .text-2xl {
     font-size: 24px;
     line-height: 32px;
}
 .text-xl {
     font-size: 20px;
     line-height: 28px;
}
 .font-semibold {
     font-weight: 600;
}
 .text-[#333] {
     color: rgb(51, 51, 51);
}
 .text-red-500 {
     color: rgb(239, 68, 68);
}
        </style>
   </head>
   <body class="font-sans text-[#333]">
      <div class="flex flex-col gap-8">
         <div class="flex flex-col gap-8">
            <h1 class="text-2xl font-semibold">Priznanie k dani z nehnuteľností</h1>
            <div class="flex flex-col gap-4">
               <h2 class="text-xl font-semibold">Druh priznania</h2>
               <div>
                  <div class="flex flex-row flex-nowrap gap-2 border-b-2 py-2.5 border-gray-200">
                     <p class="font-semibold flex-1">Vyberte druh priznania</p>
                     <div class="flex flex-1 flex-col gap-2">
                        <span class="whitespace-pre-wrap">Opravné priznanie</span>
                     </div>
                  </div>
                  <div class="flex flex-row flex-nowrap gap-2 border-b-2 py-2.5 border-gray-200">
                     <p class="font-semibold flex-1">Za aký rok podávate priznanie?</p>
                     <div class="flex flex-1 flex-col gap-2">
                        <span class="whitespace-pre-wrap">2024</span>
                     </div>
                  </div>
               </div>
            </div>
            <div class="flex flex-col gap-4">
               <h2 class="text-xl font-semibold">Údaje o daňovníkovi</h2>
               <div>
                  <div class="flex flex-row flex-nowrap gap-2 border-b-2 py-2.5 border-gray-200">
                     <p class="font-semibold flex-1">Podávate priznanie k dani z nehnuteľností vo svojom mene?</p>
                     <div class="flex flex-1 flex-col gap-2">
                        <span class="whitespace-pre-wrap">Áno</span>
                     </div>
                  </div>
                  <div class="flex flex-row flex-nowrap gap-2 border-b-2 py-2.5 border-gray-200">
                     <p class="font-semibold flex-1">Podávate priznanie ako</p>
                     <div class="flex flex-1 flex-col gap-2">
                        <span class="whitespace-pre-wrap">Fyzická osoba</span>
                     </div>
                  </div>
                  <div class="flex flex-row flex-nowrap gap-2 border-b-2 py-2.5 border-gray-200">
                     <p class="font-semibold flex-1">Rodné číslo</p>
                     <div class="flex flex-1 flex-col gap-2">
                        <span class="whitespace-pre-wrap">9203146326</span>
                     </div>
                  </div>
                  <div class="flex flex-row flex-nowrap gap-2 border-b-2 py-2.5 border-gray-200">
                     <p class="font-semibold flex-1">Priezvisko</p>
                     <div class="flex flex-1 flex-col gap-2">
                        <span class="whitespace-pre-wrap">Abraham</span>
                     </div>
                  </div>
                  <div class="flex flex-row flex-nowrap gap-2 border-b-2 py-2.5 border-gray-200">
                     <p class="font-semibold flex-1">Meno</p>
                     <div class="flex flex-1 flex-col gap-2">
                        <span class="whitespace-pre-wrap">Lincoln</span>
                     </div>
                  </div>
                  <div class="flex flex-row flex-nowrap gap-2 border-b-2 py-2.5 border-gray-200">
                     <p class="font-semibold flex-1">Titul</p>
                     <div class="flex flex-1 flex-col gap-2">
                        <span class="whitespace-pre-wrap">Mgr.</span>
                     </div>
                  </div>
                  <div class="flex flex-row flex-nowrap gap-2 border-b-2 py-2.5 border-gray-200">
                     <p class="font-semibold flex-1">Ulica</p>
                     <div class="flex flex-1 flex-col gap-2">
                        <span class="whitespace-pre-wrap">Robotnícka</span>
                     </div>
                  </div>
                  <div class="flex flex-row flex-nowrap gap-2 border-b-2 py-2.5 border-gray-200">
                     <p class="font-semibold flex-1">Čislo</p>
                     <div class="flex flex-1 flex-col gap-2">
                        <span class="whitespace-pre-wrap">6</span>
                     </div>
                  </div>
                  <div class="flex flex-row flex-nowrap gap-2 border-b-2 py-2.5 border-gray-200">
                     <p class="font-semibold flex-1">Obec</p>
                     <div class="flex flex-1 flex-col gap-2">
                        <span class="whitespace-pre-wrap">Bratislava</span>
                     </div>
                  </div>
                  <div class="flex flex-row flex-nowrap gap-2 border-b-2 py-2.5 border-gray-200">
                     <p class="font-semibold flex-1">PSČ</p>
                     <div class="flex flex-1 flex-col gap-2">
                        <span class="whitespace-pre-wrap">83103</span>
                     </div>
                  </div>
                  <div class="flex flex-row flex-nowrap gap-2 border-b-2 py-2.5 border-gray-200">
                     <p class="font-semibold flex-1">Štát</p>
                     <div class="flex flex-1 flex-col gap-2">
                        <span class="whitespace-pre-wrap">Senegalská republika</span>
                     </div>
                  </div>
                  <div class="flex flex-row flex-nowrap gap-2 border-b-2 py-2.5 border-gray-200">
                     <p class="font-semibold flex-1">Je korešpondenčná adresa rovnáká ako adresa trvalého pobytu?</p>
                     <div class="flex flex-1 flex-col gap-2">
                        <span class="whitespace-pre-wrap">Nie</span>
                     </div>
                  </div>
                  <div class="flex flex-row flex-nowrap gap-2 border-b-2 py-2.5 border-gray-200">
                     <p class="font-semibold flex-1">Ulica</p>
                     <div class="flex flex-1 flex-col gap-2">
                        <span class="whitespace-pre-wrap">Prašivá</span>
                     </div>
                  </div>
                  <div class="flex flex-row flex-nowrap gap-2 border-b-2 py-2.5 border-gray-200">
                     <p class="font-semibold flex-1">Čislo</p>
                     <div class="flex flex-1 flex-col gap-2">
                        <span class="whitespace-pre-wrap">7</span>
                     </div>
                  </div>
                  <div class="flex flex-row flex-nowrap gap-2 border-b-2 py-2.5 border-gray-200">
                     <p class="font-semibold flex-1">Obec</p>
                     <div class="flex flex-1 flex-col gap-2">
                        <span class="whitespace-pre-wrap">Bratislava</span>
                     </div>
                  </div>
                  <div class="flex flex-row flex-nowrap gap-2 border-b-2 py-2.5 border-gray-200">
                     <p class="font-semibold flex-1">PSČ</p>
                     <div class="flex flex-1 flex-col gap-2">
                        <span class="whitespace-pre-wrap">83106</span>
                     </div>
                  </div>
                  <div class="flex flex-row flex-nowrap gap-2 border-b-2 py-2.5 border-gray-200">
                     <p class="font-semibold flex-1">Štát</p>
                     <div class="flex flex-1 flex-col gap-2">
                        <span class="whitespace-pre-wrap">Slovenská republika</span>
                     </div>
                  </div>
                  <div class="flex flex-row flex-nowrap gap-2 border-b-2 py-2.5 border-gray-200">
                     <p class="font-semibold flex-1">E-mail</p>
                     <div class="flex flex-1 flex-col gap-2">
                        <span class="whitespace-pre-wrap">test@test.com</span>
                     </div>
                  </div>
                  <div class="flex flex-row flex-nowrap gap-2 border-b-2 py-2.5 border-gray-200">
                     <p class="font-semibold flex-1">Telefónne číslo</p>
                     <div class="flex flex-1 flex-col gap-2">
                        <span class="whitespace-pre-wrap">+421948417711</span>
                     </div>
                  </div>
               </div>
            </div>
            <div class="flex flex-col gap-4">
               <h2 class="text-xl font-semibold">Priznanie k dani z pozemkov</h2>
               <div>
                  <div class="flex flex-row flex-nowrap gap-2 border-b-2 py-2.5 border-gray-200">
                     <p class="font-semibold flex-1">Chcete podať daňové priznanie k dani z pozemkov?</p>
                     <div class="flex flex-1 flex-col gap-2">
                        <span class="whitespace-pre-wrap">Áno</span>
                     </div>
                  </div>
                  <div class="flex flex-row flex-nowrap gap-2 border-b-2 py-2.5 border-gray-200">
                     <p class="font-semibold flex-1">Kalkulačka výpočtu výmery pozemkov</p>
                     <div class="flex flex-1 flex-col gap-2">
                        <span class="whitespace-pre-wrap">Chcem pomôcť s výpočtom a použiť kalkulačku výpočtu výmery pozemkov</span>
                     </div>
                  </div>
                  <div class="mt-4">
                     <div class="mb-4 font-semibold">Priznania k dani z pozemkov</div>
                     <div class="flex flex-col mb-4 rounded-xl border border-gray-200 p-6 gap-6">
                        <span class="font-semibold">Priznanie k dani z pozemkov č. 1</span>
                        <div>
                           <div class="flex flex-row flex-nowrap gap-2 border-b-2 py-2.5 border-gray-200">
                              <p class="font-semibold flex-1">Právny vzťah</p>
                              <div class="flex flex-1 flex-col gap-2">
                                 <span class="whitespace-pre-wrap">Vlastník</span>
                              </div>
                           </div>
                           <div class="flex flex-row flex-nowrap gap-2 border-b-2 py-2.5 border-gray-200">
                              <p class="font-semibold flex-1">Spoluvlastníctvo</p>
                              <div class="flex flex-1 flex-col gap-2">
                                 <span class="whitespace-pre-wrap">Som jediný vlastník</span>
                              </div>
                           </div>
                           <div class="flex flex-row flex-nowrap gap-2 border-b-2 py-2.5 border-gray-200">
                              <p class="font-semibold flex-1">Poznámka</p>
                              <div class="flex flex-1 flex-col gap-2">
                                 <span>-</span>
                              </div>
                           </div>
                           <div class="mt-4">
                              <div class="mb-4 font-semibold">Pozemky</div>
                              <div class="flex flex-col mb-4 rounded-xl border border-gray-200 p-6 gap-6">
                                 <span class="font-semibold">Pozemok č. 1</span>
                                 <div>
                                    <div class="flex flex-row flex-nowrap gap-2 border-b-2 py-2.5 border-gray-200">
                                       <p class="font-semibold flex-1">Číslo listu vlastníctva</p>
                                       <div class="flex flex-1 flex-col gap-2">
                                          <span class="whitespace-pre-wrap">4589</span>
                                       </div>
                                    </div>
                                    <div class="flex flex-row flex-nowrap gap-2 border-b-2 py-2.5 border-gray-200">
                                       <p class="font-semibold flex-1">Názov katastrálneho územia</p>
                                       <div class="flex flex-1 flex-col gap-2">
                                          <span class="whitespace-pre-wrap">Devínska Nová Ves</span>
                                       </div>
                                    </div>
                                    <div class="flex flex-row flex-nowrap gap-2 border-b-2 py-2.5 border-gray-200">
                                       <p class="font-semibold flex-1">Číslo parcely</p>
                                       <div class="flex flex-1 flex-col gap-2">
                                          <span class="whitespace-pre-wrap">7986/1</span>
                                       </div>
                                    </div>
                                    <div class="flex flex-row flex-nowrap gap-2 border-b-2 py-2.5 border-gray-200">
                                       <p class="font-semibold flex-1">Spôsob využitia pozemku</p>
                                       <div class="flex flex-1 flex-col gap-2">
                                          <span class="whitespace-pre-wrap">Ložisko</span>
                                       </div>
                                    </div>
                                    <div class="flex flex-row flex-nowrap gap-2 border-b-2 py-2.5 border-gray-200">
                                       <p class="font-semibold flex-1">Druh pozemku</p>
                                       <div class="flex flex-1 flex-col gap-2">
                                          <span class="whitespace-pre-wrap">B – trvalé trávnaté porasty</span>
                                       </div>
                                    </div>
                                    <div class="flex flex-row flex-nowrap gap-2 border-b-2 py-2.5 border-gray-200">
                                       <p class="font-semibold flex-1">Celková výmera pozemku</p>
                                       <div class="flex flex-1 flex-col gap-2">
                                          <span class="whitespace-pre-wrap">218</span>
                                       </div>
                                    </div>
                                    <div class="flex flex-row flex-nowrap gap-2 border-b-2 py-2.5 border-gray-200">
                                       <p class="font-semibold flex-1">Podiel priestoru na spoločných častiach a zariadeniach domu</p>
                                       <div class="flex flex-1 flex-col gap-2">
                                          <span class="whitespace-pre-wrap">4587/53994</span>
                                       </div>
                                    </div>
                                    <div class="flex flex-row flex-nowrap gap-2 border-b-2 py-2.5 border-gray-200">
                                       <p class="font-semibold flex-1">Spoluvlastnícky podiel</p>
                                       <div class="flex flex-1 flex-col gap-2">
                                          <span class="whitespace-pre-wrap">1/1</span>
                                       </div>
                                    </div>
                                    <div class="flex flex-row flex-nowrap gap-2 border-b-2 py-2.5 border-gray-200">
                                       <p class="font-semibold flex-1">Dátum vzniku daňovej povinnosti</p>
                                       <div class="flex flex-1 flex-col gap-2">
                                          <span class="whitespace-pre-wrap">13. 1. 2024</span>
                                       </div>
                                    </div>
                                    <div class="flex flex-row flex-nowrap gap-2 border-b-2 py-2.5 border-gray-200">
                                       <p class="font-semibold flex-1">Dátum zániku daňovej povinnosti</p>
                                       <div class="flex flex-1 flex-col gap-2">
                                          <span class="whitespace-pre-wrap">4. 1. 2024</span>
                                       </div>
                                    </div>
                                 </div>
                              </div>
                              <div class="flex flex-col mb-4 rounded-xl border border-gray-200 p-6 gap-6">
                                 <span class="font-semibold">Pozemok č. 2</span>
                                 <div>
                                    <div class="flex flex-row flex-nowrap gap-2 border-b-2 py-2.5 border-gray-200">
                                       <p class="font-semibold flex-1">Číslo listu vlastníctva</p>
                                       <div class="flex flex-1 flex-col gap-2">
                                          <span class="whitespace-pre-wrap">4589</span>
                                       </div>
                                    </div>
                                    <div class="flex flex-row flex-nowrap gap-2 border-b-2 py-2.5 border-gray-200">
                                       <p class="font-semibold flex-1">Názov katastrálneho územia</p>
                                       <div class="flex flex-1 flex-col gap-2">
                                          <span class="whitespace-pre-wrap">Devínska Nová Ves</span>
                                       </div>
                                    </div>
                                    <div class="flex flex-row flex-nowrap gap-2 border-b-2 py-2.5 border-gray-200">
                                       <p class="font-semibold flex-1">Číslo parcely</p>
                                       <div class="flex flex-1 flex-col gap-2">
                                          <span class="whitespace-pre-wrap">7986/1</span>
                                       </div>
                                    </div>
                                    <div class="flex flex-row flex-nowrap gap-2 border-b-2 py-2.5 border-gray-200">
                                       <p class="font-semibold flex-1">Spôsob využitia pozemku</p>
                                       <div class="flex flex-1 flex-col gap-2">
                                          <span class="whitespace-pre-wrap">Ložisko</span>
                                       </div>
                                    </div>
                                    <div class="flex flex-row flex-nowrap gap-2 border-b-2 py-2.5 border-gray-200">
                                       <p class="font-semibold flex-1">Druh pozemku</p>
                                       <div class="flex flex-1 flex-col gap-2">
                                          <span class="whitespace-pre-wrap">B – trvalé trávnaté porasty</span>
                                       </div>
                                    </div>
                                    <div class="flex flex-row flex-nowrap gap-2 border-b-2 py-2.5 border-gray-200">
                                       <p class="font-semibold flex-1">Celková výmera pozemku</p>
                                       <div class="flex flex-1 flex-col gap-2">
                                          <span class="whitespace-pre-wrap">218</span>
                                       </div>
                                    </div>
                                    <div class="flex flex-row flex-nowrap gap-2 border-b-2 py-2.5 border-gray-200">
                                       <p class="font-semibold flex-1">Podiel priestoru na spoločných častiach a zariadeniach domu</p>
                                       <div class="flex flex-1 flex-col gap-2">
                                          <span class="whitespace-pre-wrap">4587/53994</span>
                                       </div>
                                    </div>
                                    <div class="flex flex-row flex-nowrap gap-2 border-b-2 py-2.5 border-gray-200">
                                       <p class="font-semibold flex-1">Spoluvlastnícky podiel</p>
                                       <div class="flex flex-1 flex-col gap-2">
                                          <span class="whitespace-pre-wrap">1/1</span>
                                       </div>
                                    </div>
                                    <div class="flex flex-row flex-nowrap gap-2 border-b-2 py-2.5 border-gray-200">
                                       <p class="font-semibold flex-1">Dátum vzniku daňovej povinnosti</p>
                                       <div class="flex flex-1 flex-col gap-2">
                                          <span class="whitespace-pre-wrap">13. 1. 2024</span>
                                       </div>
                                    </div>
                                    <div class="flex flex-row flex-nowrap gap-2 border-b-2 py-2.5 border-gray-200">
                                       <p class="font-semibold flex-1">Dátum zániku daňovej povinnosti</p>
                                       <div class="flex flex-1 flex-col gap-2">
                                          <span class="whitespace-pre-wrap">4. 1. 2024</span>
                                       </div>
                                    </div>
                                 </div>
                              </div>
                           </div>
                        </div>
                     </div>
                  </div>
               </div>
            </div>
            <div class="flex flex-col gap-4">
               <h2 class="text-xl font-semibold">Priznanie k dani zo stavieb – stavba slúžiaca na jeden účel</h2>
               <div>
                  <div class="flex flex-row flex-nowrap gap-2 border-b-2 py-2.5 border-gray-200">
                     <p class="font-semibold flex-1">Chcete podať daňové priznanie k dani zo stavieb slúžiacich na jeden účel?</p>
                     <div class="flex flex-1 flex-col gap-2">
                        <span class="whitespace-pre-wrap">Áno</span>
                     </div>
                  </div>
                  <div class="flex flex-row flex-nowrap gap-2 border-b-2 py-2.5 border-gray-200">
                     <p class="font-semibold flex-1">Kalkulačka výpočtu výmery zastavanej plochy stavby</p>
                     <div class="flex flex-1 flex-col gap-2">
                        <span class="whitespace-pre-wrap">Chcem pomôcť s výpočtom a použiť kalkulačku výpočtu zastavanej plochy</span>
                     </div>
                  </div>
                  <div class="mt-4">
                     <div class="mb-4 font-semibold">Priznania k dani zo stavieb slúžiacich na jeden účel</div>
                     <div class="flex flex-col mb-4 rounded-xl border border-gray-200 p-6 gap-6">
                        <span class="font-semibold">Priznanie k dani zo stavby slúžiacej na jeden účel č. 1</span>
                        <div>
                           <div class="flex flex-row flex-nowrap gap-2 border-b-2 py-2.5 border-gray-200">
                              <p class="font-semibold flex-1">Číslo listu vlastníctva</p>
                              <div class="flex flex-1 flex-col gap-2">
                                 <span class="whitespace-pre-wrap">4597</span>
                              </div>
                           </div>
                           <div class="flex flex-row flex-nowrap gap-2 border-b-2 py-2.5 border-gray-200">
                              <p class="font-semibold flex-1">Ulica a číslo domu</p>
                              <div class="flex flex-1 flex-col gap-2">
                                 <span class="whitespace-pre-wrap">Príkladná 35</span>
                              </div>
                           </div>
                           <div class="flex flex-row flex-nowrap gap-2 border-b-2 py-2.5 border-gray-200">
                              <p class="font-semibold flex-1">Súpisné číslo</p>
                              <div class="flex flex-1 flex-col gap-2">
                                 <span class="whitespace-pre-wrap">2526</span>
                              </div>
                           </div>
                           <div class="flex flex-row flex-nowrap gap-2 border-b-2 py-2.5 border-gray-200">
                              <p class="font-semibold flex-1">Názov katastrálneho územia</p>
                              <div class="flex flex-1 flex-col gap-2">
                                 <span class="whitespace-pre-wrap">Jarovce</span>
                              </div>
                           </div>
                           <div class="flex flex-row flex-nowrap gap-2 border-b-2 py-2.5 border-gray-200">
                              <p class="font-semibold flex-1">Číslo parcely</p>
                              <div class="flex flex-1 flex-col gap-2">
                                 <span class="whitespace-pre-wrap">7859/1</span>
                              </div>
                           </div>
                           <div class="flex flex-row flex-nowrap gap-2 border-b-2 py-2.5 border-gray-200">
                              <p class="font-semibold flex-1">Právny vzťah</p>
                              <div class="flex flex-1 flex-col gap-2">
                                 <span class="whitespace-pre-wrap">Vlastník</span>
                              </div>
                           </div>
                           <div class="flex flex-row flex-nowrap gap-2 border-b-2 py-2.5 border-gray-200">
                              <p class="font-semibold flex-1">Spoluvlastníctvo</p>
                              <div class="flex flex-1 flex-col gap-2">
                                 <span class="whitespace-pre-wrap">Podielové spoluvlastníctvo</span>
                              </div>
                           </div>
                           <div class="flex flex-row flex-nowrap gap-2 border-b-2 py-2.5 border-gray-200">
                              <p class="font-semibold flex-1">Zadajte počet spoluvlastníkov</p>
                              <div class="flex flex-1 flex-col gap-2">
                                 <span class="whitespace-pre-wrap">2</span>
                              </div>
                           </div>
                           <div class="flex flex-row flex-nowrap gap-2 border-b-2 py-2.5 border-gray-200">
                              <p class="font-semibold flex-1">Podávate priznanie za všetkých spoluvlastníkov na základe dohody?</p>
                              <div class="flex flex-1 flex-col gap-2">
                                 <span class="whitespace-pre-wrap">Áno</span>
                              </div>
                           </div>
                           <div class="flex flex-row flex-nowrap gap-2 border-b-2 py-2.5 border-gray-200">
                              <p class="font-semibold flex-1">Nahrajte sken dohody o určení zástupcu na podanie priznania k dani z nehnuteľností</p>
                              <div class="flex flex-1 flex-col gap-2">
                                 <span>-</span>
                              </div>
                           </div>
                           <div class="flex flex-row flex-nowrap gap-2 border-b-2 py-2.5 border-gray-200">
                              <p class="font-semibold flex-1">Predmet dane</p>
                              <div class="flex flex-1 flex-col gap-2">
                                 <span class="whitespace-pre-wrap">a) stavby na bývanie a drobné stavby, ktoré majú doplnkovú funkciu pre hlavnú stavbu</span>
                              </div>
                           </div>
                           <div class="flex flex-row flex-nowrap gap-2 border-b-2 py-2.5 border-gray-200">
                              <p class="font-semibold flex-1">Celková zastavaná plocha</p>
                              <div class="flex flex-1 flex-col gap-2">
                                 <span class="whitespace-pre-wrap">2659</span>
                              </div>
                           </div>
                           <div class="flex flex-row flex-nowrap gap-2 border-b-2 py-2.5 border-gray-200">
                              <p class="font-semibold flex-1">Spoluvlastnícky podiel</p>
                              <div class="flex flex-1 flex-col gap-2">
                                 <span class="whitespace-pre-wrap">1/2</span>
                              </div>
                           </div>
                           <div class="flex flex-row flex-nowrap gap-2 border-b-2 py-2.5 border-gray-200">
                              <p class="font-semibold flex-1">Počet nadzemných a podzemných podlaží stavby okrem prvého nadzemného podlažia</p>
                              <div class="flex flex-1 flex-col gap-2">
                                 <span class="whitespace-pre-wrap">5</span>
                              </div>
                           </div>
                           <div class="flex flex-row flex-nowrap gap-2 border-b-2 py-2.5 border-gray-200">
                              <p class="font-semibold flex-1">Máte časť stavby, ktorá podlieha oslobodeniu od dane zo stavieb podľa § 17 zákona č. 582/2004 Z.z. a VZN?</p>
                              <div class="flex flex-1 flex-col gap-2">
                                 <span class="whitespace-pre-wrap">Áno</span>
                              </div>
                           </div>
                           <div class="flex flex-row flex-nowrap gap-2 border-b-2 py-2.5 border-gray-200">
                              <p class="font-semibold flex-1">Celková výmera podlahových plôch všetkých podlaží stavby</p>
                              <div class="flex flex-1 flex-col gap-2">
                                 <span class="whitespace-pre-wrap">26</span>
                              </div>
                           </div>
                           <div class="flex flex-row flex-nowrap gap-2 border-b-2 py-2.5 border-gray-200">
                              <p class="font-semibold flex-1">Výmera podlahových plôch časti stavby, ktorá je oslobodená od dane zo stavieb</p>
                              <div class="flex flex-1 flex-col gap-2">
                                 <span class="whitespace-pre-wrap">89</span>
                              </div>
                           </div>
                           <div class="flex flex-row flex-nowrap gap-2 border-b-2 py-2.5 border-gray-200">
                              <p class="font-semibold flex-1">Dátum vzniku daňovej povinnosti</p>
                              <div class="flex flex-1 flex-col gap-2">
                                 <span class="whitespace-pre-wrap">4. 1. 2024</span>
                              </div>
                           </div>
                           <div class="flex flex-row flex-nowrap gap-2 border-b-2 py-2.5 border-gray-200">
                              <p class="font-semibold flex-1">Dátum zániku daňovej povinnosti</p>
                              <div class="flex flex-1 flex-col gap-2">
                                 <span class="whitespace-pre-wrap">6. 1. 2024</span>
                              </div>
                           </div>
                           <div class="flex flex-row flex-nowrap gap-2 border-b-2 py-2.5 border-gray-200">
                              <p class="font-semibold flex-1">Poznámka</p>
                              <div class="flex flex-1 flex-col gap-2">
                                 <span>-</span>
                              </div>
                           </div>
                        </div>
                     </div>
                  </div>
               </div>
            </div>
            <div class="flex flex-col gap-4">
               <h2 class="text-xl font-semibold">Priznanie k dani zo stavieb – stavba slúžiaca na viaceré účely</h2>
               <div>
                  <div class="flex flex-row flex-nowrap gap-2 border-b-2 py-2.5 border-gray-200">
                     <p class="font-semibold flex-1">Chcete podať daňové priznanie k dani zo stavieb slúžiacich na viaceré účely?</p>
                     <div class="flex flex-1 flex-col gap-2">
                        <span class="whitespace-pre-wrap">Áno</span>
                     </div>
                  </div>
                  <div class="flex flex-row flex-nowrap gap-2 border-b-2 py-2.5 border-gray-200">
                     <p class="font-semibold flex-1">Kalkulačka výpočtu výmery podlahových plôch a základu dane</p>
                     <div class="flex flex-1 flex-col gap-2">
                        <span class="whitespace-pre-wrap">Chcem pomôcť s výpočtom a použiť kalkulačku výmery podlahových plôch a základu dane</span>
                     </div>
                  </div>
                  <div class="mt-4">
                     <div class="mb-4 font-semibold">Priznania k dani zo stavieb slúžiacich na viaceré účely</div>
                     <div class="flex flex-col mb-4 rounded-xl border border-gray-200 p-6 gap-6">
                        <span class="font-semibold">Priznanie k dani zo stavieb – stavba slúžiaca na viaceré účely č. 1</span>
                        <div>
                           <div class="flex flex-row flex-nowrap gap-2 border-b-2 py-2.5 border-gray-200">
                              <p class="font-semibold flex-1">Číslo listu vlastníctva</p>
                              <div class="flex flex-1 flex-col gap-2">
                                 <span class="whitespace-pre-wrap">4597</span>
                              </div>
                           </div>
                           <div class="flex flex-row flex-nowrap gap-2 border-b-2 py-2.5 border-gray-200">
                              <p class="font-semibold flex-1">Ulica a číslo domu</p>
                              <div class="flex flex-1 flex-col gap-2">
                                 <span class="whitespace-pre-wrap">Príkladná 35</span>
                              </div>
                           </div>
                           <div class="flex flex-row flex-nowrap gap-2 border-b-2 py-2.5 border-gray-200">
                              <p class="font-semibold flex-1">Súpisné číslo</p>
                              <div class="flex flex-1 flex-col gap-2">
                                 <span class="whitespace-pre-wrap">35</span>
                              </div>
                           </div>
                           <div class="flex flex-row flex-nowrap gap-2 border-b-2 py-2.5 border-gray-200">
                              <p class="font-semibold flex-1">Názov katastrálneho územia</p>
                              <div class="flex flex-1 flex-col gap-2">
                                 <span class="whitespace-pre-wrap">Devín</span>
                              </div>
                           </div>
                           <div class="flex flex-row flex-nowrap gap-2 border-b-2 py-2.5 border-gray-200">
                              <p class="font-semibold flex-1">Číslo parcely</p>
                              <div class="flex flex-1 flex-col gap-2">
                                 <span class="whitespace-pre-wrap">5697/1</span>
                              </div>
                           </div>
                           <div class="flex flex-row flex-nowrap gap-2 border-b-2 py-2.5 border-gray-200">
                              <p class="font-semibold flex-1">Právny vzťah</p>
                              <div class="flex flex-1 flex-col gap-2">
                                 <span class="whitespace-pre-wrap">Nájomca</span>
                              </div>
                           </div>
                           <div class="flex flex-row flex-nowrap gap-2 border-b-2 py-2.5 border-gray-200">
                              <p class="font-semibold flex-1">Spoluvlastníctvo</p>
                              <div class="flex flex-1 flex-col gap-2">
                                 <span class="whitespace-pre-wrap">Bezpodielové spoluvlastníctvo manželov</span>
                              </div>
                           </div>
                           <div class="flex flex-row flex-nowrap gap-2 border-b-2 py-2.5 border-gray-200">
                              <p class="font-semibold flex-1">Popis stavby</p>
                              <div class="flex flex-1 flex-col gap-2">
                                 <span class="whitespace-pre-wrap">Príkladná stavba</span>
                              </div>
                           </div>
                           <div class="flex flex-row flex-nowrap gap-2 border-b-2 py-2.5 border-gray-200">
                              <p class="font-semibold flex-1">Dátum vzniku daňovej povinnosti</p>
                              <div class="flex flex-1 flex-col gap-2">
                                 <span class="whitespace-pre-wrap">5. 1. 2024</span>
                              </div>
                           </div>
                           <div class="flex flex-row flex-nowrap gap-2 border-b-2 py-2.5 border-gray-200">
                              <p class="font-semibold flex-1">Dátum zániku daňovej povinnosti</p>
                              <div class="flex flex-1 flex-col gap-2">
                                 <span class="whitespace-pre-wrap">4. 1. 2024</span>
                              </div>
                           </div>
                           <div class="flex flex-row flex-nowrap gap-2 border-b-2 py-2.5 border-gray-200">
                              <p class="font-semibold flex-1">Celková výmera zastavanej plochy viacúčelovej stavby</p>
                              <div class="flex flex-1 flex-col gap-2">
                                 <span class="whitespace-pre-wrap">25648</span>
                              </div>
                           </div>
                           <div class="flex flex-row flex-nowrap gap-2 border-b-2 py-2.5 border-gray-200">
                              <p class="font-semibold flex-1">Počet nadzemných a podzemných podlaží stavby okrem prvého nadzemného podlažia</p>
                              <div class="flex flex-1 flex-col gap-2">
                                 <span class="whitespace-pre-wrap">4</span>
                              </div>
                           </div>
                           <div class="flex flex-row flex-nowrap gap-2 border-b-2 py-2.5 border-gray-200">
                              <p class="font-semibold flex-1">Máte časť stavby, ktorá podlieha oslobodeniu od dane zo stavieb podľa § 17 zákona č. 582/2004 Z.z. a VZN?</p>
                              <div class="flex flex-1 flex-col gap-2">
                                 <span class="whitespace-pre-wrap">Áno</span>
                              </div>
                           </div>
                           <div class="flex flex-row flex-nowrap gap-2 border-b-2 py-2.5 border-gray-200">
                              <p class="font-semibold flex-1">Výmera podlahových plôch časti stavby, ktorá je oslobodená od dane zo stavieb</p>
                              <div class="flex flex-1 flex-col gap-2">
                                 <span class="whitespace-pre-wrap">26</span>
                              </div>
                           </div>
                           <div class="flex flex-row flex-nowrap gap-2 border-b-2 py-2.5 border-gray-200">
                              <p class="font-semibold flex-1">Poznámka</p>
                              <div class="flex flex-1 flex-col gap-2">
                                 <span class="whitespace-pre-wrap">Príkladná 35</span>
                              </div>
                           </div>
                           <div class="mt-4">
                              <div class="mb-4 font-semibold">Aké nehnuteľnosti máte v tejto budove z hľadiska účelu?</div>
                              <div class="flex flex-col mb-4 rounded-xl border border-gray-200 p-6 gap-6">
                                 <span class="font-semibold">Časť stavby č. 1</span>
                                 <div>
                                    <div class="flex flex-row flex-nowrap gap-2 border-b-2 py-2.5 border-gray-200">
                                       <p class="font-semibold flex-1">Účel využitia stavby</p>
                                       <div class="flex flex-1 flex-col gap-2">
                                          <span class="whitespace-pre-wrap">b) stavby na pôdohospodársku produkciu, skleníky, stavby pre vodné hospodárstvo, stavby využívané na skladovanie vlastnej pôdohospodárskej produkcie vrátane stavieb na vlastnú administratívu</span>
                                       </div>
                                    </div>
                                    <div class="flex flex-row flex-nowrap gap-2 border-b-2 py-2.5 border-gray-200">
                                       <p class="font-semibold flex-1">Podiel priestoru na spoločných častiach a zariadeniach domu</p>
                                       <div class="flex flex-1 flex-col gap-2">
                                          <span class="whitespace-pre-wrap">4598/26594</span>
                                       </div>
                                    </div>
                                    <div class="flex flex-row flex-nowrap gap-2 border-b-2 py-2.5 border-gray-200">
                                       <p class="font-semibold flex-1">Spoluvlastnícky podiel</p>
                                       <div class="flex flex-1 flex-col gap-2">
                                          <span class="whitespace-pre-wrap">1/1</span>
                                       </div>
                                    </div>
                                 </div>
                              </div>
                           </div>
                        </div>
                     </div>
                  </div>
               </div>
            </div>
            <div class="flex flex-col gap-4">
               <h2 class="text-xl font-semibold">Priznanie k dani z bytov a z nebytových priestorov v bytovom dome</h2>
               <div>
                  <div class="flex flex-row flex-nowrap gap-2 border-b-2 py-2.5 border-gray-200">
                     <p class="font-semibold flex-1">Chcete podať daňové priznanie k dani z bytov a z nebytových priestorov v bytovom dome?</p>
                     <div class="flex flex-1 flex-col gap-2">
                        <span class="whitespace-pre-wrap">Áno</span>
                     </div>
                  </div>
                  <div class="flex flex-row flex-nowrap gap-2 border-b-2 py-2.5 border-gray-200">
                     <p class="font-semibold flex-1">Kalkulačka výpočtu výmery podlahových plôch bytov a nebytových priestorov</p>
                     <div class="flex flex-1 flex-col gap-2">
                        <span class="whitespace-pre-wrap">Chcem pomôcť s výpočtom a použiť kalkulačku výmery podlahových plôch</span>
                     </div>
                  </div>
                  <div class="mt-4">
                     <div class="mb-4 font-semibold">Priznania k dani z bytov a z nebytových priestorov v bytovom dome</div>
                     <div class="flex flex-col mb-4 rounded-xl border border-gray-200 p-6 gap-6">
                        <span class="font-semibold">Priznanie k dani z bytov a z nebytových priestorov v bytovom dome č. 1</span>
                        <div>
                           <div class="flex flex-row flex-nowrap gap-2 border-b-2 py-2.5 border-gray-200">
                              <p class="font-semibold flex-1">Číslo listu vlastníctva</p>
                              <div class="flex flex-1 flex-col gap-2">
                                 <span class="whitespace-pre-wrap">2648</span>
                              </div>
                           </div>
                           <div class="flex flex-row flex-nowrap gap-2 border-b-2 py-2.5 border-gray-200">
                              <p class="font-semibold flex-1">Ulica a číslo domu</p>
                              <div class="flex flex-1 flex-col gap-2">
                                 <span class="whitespace-pre-wrap">Príkladná 35</span>
                              </div>
                           </div>
                           <div class="flex flex-row flex-nowrap gap-2 border-b-2 py-2.5 border-gray-200">
                              <p class="font-semibold flex-1">Súpisné číslo</p>
                              <div class="flex flex-1 flex-col gap-2">
                                 <span class="whitespace-pre-wrap">3694</span>
                              </div>
                           </div>
                           <div class="flex flex-row flex-nowrap gap-2 border-b-2 py-2.5 border-gray-200">
                              <p class="font-semibold flex-1">Názov katastrálneho územia</p>
                              <div class="flex flex-1 flex-col gap-2">
                                 <span class="whitespace-pre-wrap">Karlova Ves</span>
                              </div>
                           </div>
                           <div class="flex flex-row flex-nowrap gap-2 border-b-2 py-2.5 border-gray-200">
                              <p class="font-semibold flex-1">Číslo parcely</p>
                              <div class="flex flex-1 flex-col gap-2">
                                 <span class="whitespace-pre-wrap">6975/2</span>
                              </div>
                           </div>
                           <div class="flex flex-row flex-nowrap gap-2 border-b-2 py-2.5 border-gray-200">
                              <p class="font-semibold flex-1">Právny vzťah</p>
                              <div class="flex flex-1 flex-col gap-2">
                                 <span class="whitespace-pre-wrap">Správca</span>
                              </div>
                           </div>
                           <div class="flex flex-row flex-nowrap gap-2 border-b-2 py-2.5 border-gray-200">
                              <p class="font-semibold flex-1">Spoluvlastníctvo</p>
                              <div class="flex flex-1 flex-col gap-2">
                                 <span class="whitespace-pre-wrap">Podielové spoluvlastníctvo</span>
                              </div>
                           </div>
                           <div class="flex flex-row flex-nowrap gap-2 border-b-2 py-2.5 border-gray-200">
                              <p class="font-semibold flex-1">Zadajte počet spoluvlastníkov</p>
                              <div class="flex flex-1 flex-col gap-2">
                                 <span class="whitespace-pre-wrap">3</span>
                              </div>
                           </div>
                           <div class="flex flex-row flex-nowrap gap-2 border-b-2 py-2.5 border-gray-200">
                              <p class="font-semibold flex-1">Podávate priznanie za všetkých spoluvlastníkov na základe dohody?</p>
                              <div class="flex flex-1 flex-col gap-2">
                                 <span class="whitespace-pre-wrap">Nie</span>
                              </div>
                           </div>
                           <div class="flex flex-row flex-nowrap gap-2 border-b-2 py-2.5 border-gray-200">
                              <p class="font-semibold flex-1">Podávate priznanie za byt?</p>
                              <div class="flex flex-1 flex-col gap-2">
                                 <span class="whitespace-pre-wrap">Áno</span>
                              </div>
                           </div>
                           <div class="flex flex-row flex-nowrap gap-2 border-b-2 py-2.5 border-gray-200">
                              <p class="font-semibold flex-1">Číslo bytu</p>
                              <div class="flex flex-1 flex-col gap-2">
                                 <span class="whitespace-pre-wrap">3</span>
                              </div>
                           </div>
                           <div class="flex flex-row flex-nowrap gap-2 border-b-2 py-2.5 border-gray-200">
                              <p class="font-semibold flex-1">Popis bytu</p>
                              <div class="flex flex-1 flex-col gap-2">
                                 <span class="whitespace-pre-wrap">Dvojizbak</span>
                              </div>
                           </div>
                           <div class="flex flex-row flex-nowrap gap-2 border-b-2 py-2.5 border-gray-200">
                              <p class="font-semibold flex-1">Podiel priestoru na spoločných častiach a zariadeniach domu</p>
                              <div class="flex flex-1 flex-col gap-2">
                                 <span class="whitespace-pre-wrap">2654/36594</span>
                              </div>
                           </div>
                           <div class="flex flex-row flex-nowrap gap-2 border-b-2 py-2.5 border-gray-200">
                              <p class="font-semibold flex-1">Spoluvlastnícky podiel</p>
                              <div class="flex flex-1 flex-col gap-2">
                                 <span class="whitespace-pre-wrap">1/1</span>
                              </div>
                           </div>
                           <div class="flex flex-row flex-nowrap gap-2 border-b-2 py-2.5 border-gray-200">
                              <p class="font-semibold flex-1">Výmera podlahovej plochy bytu používaného na iné účely</p>
                              <div class="flex flex-1 flex-col gap-2">
                                 <span class="whitespace-pre-wrap">18</span>
                              </div>
                           </div>
                           <div class="flex flex-row flex-nowrap gap-2 border-b-2 py-2.5 border-gray-200">
                              <p class="font-semibold flex-1">Dátum vzniku daňovej povinnosti</p>
                              <div class="flex flex-1 flex-col gap-2">
                                 <span class="whitespace-pre-wrap">16. 1. 2024</span>
                              </div>
                           </div>
                           <div class="flex flex-row flex-nowrap gap-2 border-b-2 py-2.5 border-gray-200">
                              <p class="font-semibold flex-1">Dátum zániku daňovej povinnosti</p>
                              <div class="flex flex-1 flex-col gap-2">
                                 <span class="whitespace-pre-wrap">7. 1. 2024</span>
                              </div>
                           </div>
                           <div class="flex flex-row flex-nowrap gap-2 border-b-2 py-2.5 border-gray-200">
                              <p class="font-semibold flex-1">Podávate priznanie za nebytový priestor (napr. garážové státie, pivnica, obchodný priestor a pod.)?</p>
                              <div class="flex flex-1 flex-col gap-2">
                                 <span class="whitespace-pre-wrap">Áno</span>
                              </div>
                           </div>
                           <div class="flex flex-row flex-nowrap gap-2 border-b-2 py-2.5 border-gray-200">
                              <p class="font-semibold flex-1">Poznámka</p>
                              <div class="flex flex-1 flex-col gap-2">
                                 <span class="whitespace-pre-wrap">Príkladná 35</span>
                              </div>
                           </div>
                           <div class="mt-4">
                              <div class="mb-4 font-semibold">Nebytové priestory</div>
                              <div class="flex flex-col mb-4 rounded-xl border border-gray-200 p-6 gap-6">
                                 <span class="font-semibold">Nebytový priestor č. 1</span>
                                 <div>
                                    <div class="flex flex-row flex-nowrap gap-2 border-b-2 py-2.5 border-gray-200">
                                       <p class="font-semibold flex-1">Účel využitia nebytového priestoru v bytovom dome</p>
                                       <div class="flex flex-1 flex-col gap-2">
                                          <span class="whitespace-pre-wrap">Garáž</span>
                                       </div>
                                    </div>
                                    <div class="flex flex-row flex-nowrap gap-2 border-b-2 py-2.5 border-gray-200">
                                       <p class="font-semibold flex-1">Číslo nebytového priestoru v bytovom dome</p>
                                       <div class="flex flex-1 flex-col gap-2">
                                          <span class="whitespace-pre-wrap">G05</span>
                                       </div>
                                    </div>
                                    <div class="flex flex-row flex-nowrap gap-2 border-b-2 py-2.5 border-gray-200">
                                       <p class="font-semibold flex-1">Podiel priestoru na spoločných častiach a zariadeniach domu</p>
                                       <div class="flex flex-1 flex-col gap-2">
                                          <span class="whitespace-pre-wrap">2659/86569</span>
                                       </div>
                                    </div>
                                    <div class="flex flex-row flex-nowrap gap-2 border-b-2 py-2.5 border-gray-200">
                                       <p class="font-semibold flex-1">Spoluvlastnícky podiel</p>
                                       <div class="flex flex-1 flex-col gap-2">
                                          <span class="whitespace-pre-wrap">1/5</span>
                                       </div>
                                    </div>
                                    <div class="flex flex-row flex-nowrap gap-2 border-b-2 py-2.5 border-gray-200">
                                       <p class="font-semibold flex-1">Dátum vzniku daňovej povinnosti</p>
                                       <div class="flex flex-1 flex-col gap-2">
                                          <span class="whitespace-pre-wrap">5. 1. 2024</span>
                                       </div>
                                    </div>
                                    <div class="flex flex-row flex-nowrap gap-2 border-b-2 py-2.5 border-gray-200">
                                       <p class="font-semibold flex-1">Dátum zániku daňovej povinnosti</p>
                                       <div class="flex flex-1 flex-col gap-2">
                                          <span class="whitespace-pre-wrap">12. 1. 2024</span>
                                       </div>
                                    </div>
                                 </div>
                              </div>
                           </div>
                        </div>
                     </div>
                  </div>
               </div>
            </div>
            <div class="flex flex-col gap-4">
               <h2 class="text-xl font-semibold">Údaje o manželovi/manželke</h2>
               <div>
                  <div class="flex flex-row flex-nowrap gap-2 border-b-2 py-2.5 border-gray-200">
                     <p class="font-semibold flex-1">Rodné číslo</p>
                     <div class="flex flex-1 flex-col gap-2">
                        <span class="whitespace-pre-wrap">920314/2634</span>
                     </div>
                  </div>
                  <div class="flex flex-row flex-nowrap gap-2 border-b-2 py-2.5 border-gray-200">
                     <p class="font-semibold flex-1">Priezvisko</p>
                     <div class="flex flex-1 flex-col gap-2">
                        <span class="whitespace-pre-wrap">Príkladná</span>
                     </div>
                  </div>
                  <div class="flex flex-row flex-nowrap gap-2 border-b-2 py-2.5 border-gray-200">
                     <p class="font-semibold flex-1">Meno</p>
                     <div class="flex flex-1 flex-col gap-2">
                        <span class="whitespace-pre-wrap">Petra</span>
                     </div>
                  </div>
                  <div class="flex flex-row flex-nowrap gap-2 border-b-2 py-2.5 border-gray-200">
                     <p class="font-semibold flex-1">Titul</p>
                     <div class="flex flex-1 flex-col gap-2">
                        <span class="whitespace-pre-wrap">Bsc</span>
                     </div>
                  </div>
                  <div class="flex flex-row flex-nowrap gap-2 border-b-2 py-2.5 border-gray-200">
                     <p class="font-semibold flex-1">Má trvalý pobyt na rovnakej adrese ako vy?</p>
                     <div class="flex flex-1 flex-col gap-2">
                        <span class="whitespace-pre-wrap">Nie</span>
                     </div>
                  </div>
                  <div class="flex flex-row flex-nowrap gap-2 border-b-2 py-2.5 border-gray-200">
                     <p class="font-semibold flex-1">Ulica</p>
                     <div class="flex flex-1 flex-col gap-2">
                        <span class="whitespace-pre-wrap">Príkladná 35</span>
                     </div>
                  </div>
                  <div class="flex flex-row flex-nowrap gap-2 border-b-2 py-2.5 border-gray-200">
                     <p class="font-semibold flex-1">Čislo</p>
                     <div class="flex flex-1 flex-col gap-2">
                        <span class="whitespace-pre-wrap">25</span>
                     </div>
                  </div>
                  <div class="flex flex-row flex-nowrap gap-2 border-b-2 py-2.5 border-gray-200">
                     <p class="font-semibold flex-1">Obec</p>
                     <div class="flex flex-1 flex-col gap-2">
                        <span class="whitespace-pre-wrap">Abelova</span>
                     </div>
                  </div>
                  <div class="flex flex-row flex-nowrap gap-2 border-b-2 py-2.5 border-gray-200">
                     <p class="font-semibold flex-1">PSČ</p>
                     <div class="flex flex-1 flex-col gap-2">
                        <span class="whitespace-pre-wrap">83106</span>
                     </div>
                  </div>
                  <div class="flex flex-row flex-nowrap gap-2 border-b-2 py-2.5 border-gray-200">
                     <p class="font-semibold flex-1">Štát</p>
                     <div class="flex flex-1 flex-col gap-2">
                        <span class="whitespace-pre-wrap">Slovenská republika</span>
                     </div>
                  </div>
                  <div class="flex flex-row flex-nowrap gap-2 border-b-2 py-2.5 border-gray-200">
                     <p class="font-semibold flex-1">E-mail</p>
                     <div class="flex flex-1 flex-col gap-2">
                        <span class="whitespace-pre-wrap">test@test.com</span>
                     </div>
                  </div>
                  <div class="flex flex-row flex-nowrap gap-2 border-b-2 py-2.5 border-gray-200">
                     <p class="font-semibold flex-1">Telefónne číslo</p>
                     <div class="flex flex-1 flex-col gap-2">
                        <span class="whitespace-pre-wrap">+421948417711</span>
                     </div>
                  </div>
               </div>
            </div>
            <div class="flex flex-col gap-4">
               <h2 class="text-xl font-semibold">Zníženie alebo oslobodenie od dane</h2>
               <div>
                  <div class="flex flex-row flex-nowrap gap-2 border-b-2 py-2.5 border-gray-200">
                     <p class="font-semibold flex-1">Pozemky</p>
                     <div class="flex flex-1 flex-col gap-2">
                        <span class="whitespace-pre-wrap">pozemky, na ktorých sú cintoríny, kolumbáriá, urnové háje a rozptylové lúky</span>
                        <span class="whitespace-pre-wrap">pásma hygienickej ochrany vodných zdrojov I. stupňa a II. stupňa</span>
                        <span class="whitespace-pre-wrap">pozemky verejne prístupných parkov a verejne prístupných športovísk</span>
                        <span class="whitespace-pre-wrap">pozemky, ktorých vlastníkmi sú fyzické osoby staršie ako 65 rokov, ak tieto pozemky slúžia výhradne na ich osobnú potrebu</span>
                     </div>
                  </div>
                  <div class="flex flex-row flex-nowrap gap-2 border-b-2 py-2.5 border-gray-200">
                     <p class="font-semibold flex-1">Stavby</p>
                     <div class="flex flex-1 flex-col gap-2">
                        <span class="whitespace-pre-wrap">stavby slúžiace detským domovom</span>
                        <span class="whitespace-pre-wrap">stavby na bývanie vo vlastníctve fyzických osôb starších ako 65 rokov, držiteľov preukazu fyzickej osoby s ťažkým zdravotným postihnutím alebo držiteľov preukazu fyzickej osoby s ťažkým zdravotným postihnutím so sprievodcom, ako aj prevažne alebo úplne bezvládnych fyzických osôb, ktoré slúžia na ich trvalé bývanie</span>
                        <span class="whitespace-pre-wrap">garáže v bytových domoch slúžiace ako garáž vo vlastníctve držiteľov preukazu fyzickej osoby s ťažkým zdravotným postihnutím alebo držiteľov preukazu fyzickej osoby s ťažkým zdravotným postihnutím so sprievodcom, ktoré slúžia pre motorové vozidlo používané na ich dopravu</span>
                     </div>
                  </div>
                  <div class="flex flex-row flex-nowrap gap-2 border-b-2 py-2.5 border-gray-200">
                     <p class="font-semibold flex-1">Byty</p>
                     <div class="flex flex-1 flex-col gap-2">
                        <span class="whitespace-pre-wrap">byty vo vlastníctve fyzických osôb starších ako 65 rokov, držiteľov preukazu fyzickej osoby s ťažkým zdravotným postihnutím alebo držiteľov preukazu fyzickej osoby s ťažkým zdravotným postihnutím so sprievodcom, ako aj prevažne alebo úplne bezvládnych fyzických osôb, ktoré slúžia na ich trvalé bývanie</span>
                        <span class="whitespace-pre-wrap">nebytové priestory v bytových domoch slúžiace ako garáž vo vlastníctve držiteľov preukazu fyzickej osoby s ťažkým zdravotným postihnutím alebo držiteľov preukazu fyzickej osoby s ťažkým zdravotným postihnutím so sprievodcom, ktoré slúžia pre motorové vozidlo používané na ich dopravu</span>
                     </div>
                  </div>
                  <div class="flex flex-row flex-nowrap gap-2 border-b-2 py-2.5 border-gray-200">
                     <p class="font-semibold flex-1">Poznámka</p>
                     <div class="flex flex-1 flex-col gap-2">
                        <span class="whitespace-pre-wrap">Príkladná 35</span>
                     </div>
                  </div>
               </div>
            </div>
         </div>
         <div class="flex flex-col gap-4">
            <h2 class="text-xl font-semibold">Ochrana osobných údajov</h2>
            <div class="rounded-xl bg-gray-50 p-6">
               <p>Uložením a/alebo odoslaním daňového priznania výslovne vyhlasujem, že som sa oboznámil s podmienkami spracúvania osobných údajov Hlavného mesta ako prevádzkovateľa osobných údajov a beriem na vedomie, že ich spracúvanie je nevyhnutné na správne vyrubenie dane a/ alebo splnenie ďalších súvisiacich zákonných povinností.</p>
            </div>
         </div>
      </div>
   </body>
</html>
"
`;
