// Vitest Snapshot v1, https://vitest.dev/guide/snapshot.html

exports[`formDataExtractors > extractEmailFormEmail > oloDocistenieStanovistaZbernychNadobExample email should match snapshot 1`] = `"test@email.com"`;

exports[`formDataExtractors > extractEmailFormEmail > oloEnergetickeZhodnotenieOdpaduVZevoExample email should match snapshot 1`] = `"olo@test.sk"`;

exports[`formDataExtractors > extractEmailFormEmail > oloKoloTaxiExample email should match snapshot 1`] = `"test@email.com"`;

exports[`formDataExtractors > extractEmailFormEmail > oloMimoriadnyOdvozAZhodnotenieOdpaduExample email should match snapshot 1`] = `"test@email.com"`;

exports[`formDataExtractors > extractEmailFormEmail > oloOdvozObjemnehoOdpaduValnikomExample email should match snapshot 1`] = `"vah@odvoz.sk"`;

exports[`formDataExtractors > extractEmailFormEmail > oloOdvozOdpaduVelkokapacitnymAleboLisovacimKontajneromExample email should match snapshot 1`] = `"dolny@milan.com"`;

exports[`formDataExtractors > extractEmailFormEmail > oloOloTaxiExample email should match snapshot 1`] = `"test@email.com"`;

exports[`formDataExtractors > extractEmailFormEmail > oloPodnetyAPochvalyObcanovExample email should match snapshot 1`] = `"mrkva@jan.sk"`;

exports[`formDataExtractors > extractEmailFormEmail > oloTriedenyZberPapieraPlastovASklaPrePravnickeOsobyExample email should match snapshot 1`] = `"voda@odpad.com"`;

exports[`formDataExtractors > extractEmailFormEmail > oloTriedenyZberPapieraPlastovASklaPreSpravcovskeSpolocnostiExample email should match snapshot 1`] = `"test@test.test"`;

exports[`formDataExtractors > extractEmailFormEmail > oloUzatvorenieZmluvyONakladaniSOdpadom email should match snapshot 1`] = `"test@test.ts"`;

exports[`formDataExtractors > extractEmailFormName > oloDocistenieStanovistaZbernychNadobExample name should match snapshot 1`] = `"Jozef"`;

exports[`formDataExtractors > extractEmailFormName > oloEnergetickeZhodnotenieOdpaduVZevoExample name should match snapshot 1`] = `"Jozef"`;

exports[`formDataExtractors > extractEmailFormName > oloKoloTaxiExample name should match snapshot 1`] = `"Odpad s.r.o."`;

exports[`formDataExtractors > extractEmailFormName > oloMimoriadnyOdvozAZhodnotenieOdpaduExample name should match snapshot 1`] = `"Jozef"`;

exports[`formDataExtractors > extractEmailFormName > oloOdvozObjemnehoOdpaduValnikomExample name should match snapshot 1`] = `"Odvoz odpadu a.s."`;

exports[`formDataExtractors > extractEmailFormName > oloOdvozOdpaduVelkokapacitnymAleboLisovacimKontajneromExample name should match snapshot 1`] = `"Správcovská a.s."`;

exports[`formDataExtractors > extractEmailFormName > oloOloTaxiExample name should match snapshot 1`] = `"Jozef"`;

exports[`formDataExtractors > extractEmailFormName > oloPodnetyAPochvalyObcanovExample name should match snapshot 1`] = `"Ján"`;

exports[`formDataExtractors > extractEmailFormName > oloTriedenyZberPapieraPlastovASklaPrePravnickeOsobyExample name should match snapshot 1`] = `"Odpad s.r.o."`;

exports[`formDataExtractors > extractEmailFormName > oloTriedenyZberPapieraPlastovASklaPreSpravcovskeSpolocnostiExample name should match snapshot 1`] = `"Test org"`;

exports[`formDataExtractors > extractEmailFormName > oloUzatvorenieZmluvyONakladaniSOdpadom name should match snapshot 1`] = `"Test"`;

exports[`formDataExtractors > extractFormSubject > komunitneZahradyExample form subject should match snapshot 1`] = `"Žiadosť o komunitnú záhradu - odporúčaný mestský pozemok"`;

exports[`formDataExtractors > extractFormSubject > oloDocistenieStanovistaZbernychNadobExample form subject should match snapshot 1`] = `"Dočistenie stanovišťa zberných nádob"`;

exports[`formDataExtractors > extractFormSubject > oloEnergetickeZhodnotenieOdpaduVZevoExample form subject should match snapshot 1`] = `"Energetické zhodnotenie odpadu v ZEVO"`;

exports[`formDataExtractors > extractFormSubject > oloKoloTaxiExample form subject should match snapshot 1`] = `"KOLO Taxi"`;

exports[`formDataExtractors > extractFormSubject > oloMimoriadnyOdvozAZhodnotenieOdpaduExample form subject should match snapshot 1`] = `"Mimoriadny odvoz a zhodnotenie odpadu"`;

exports[`formDataExtractors > extractFormSubject > oloOdvozObjemnehoOdpaduValnikomExample form subject should match snapshot 1`] = `"Odvoz objemného odpadu valníkom"`;

exports[`formDataExtractors > extractFormSubject > oloOdvozOdpaduVelkokapacitnymAleboLisovacimKontajneromExample form subject should match snapshot 1`] = `"Odvoz odpadu veľkokapacitným alebo lisovacím kontajnerom"`;

exports[`formDataExtractors > extractFormSubject > oloOloTaxiExample form subject should match snapshot 1`] = `"OLO Taxi"`;

exports[`formDataExtractors > extractFormSubject > oloPodnetyAPochvalyObcanovExample form subject should match snapshot 1`] = `"Podnety a pochvaly občanov"`;

exports[`formDataExtractors > extractFormSubject > oloTriedenyZberPapieraPlastovASklaPrePravnickeOsobyExample form subject should match snapshot 1`] = `"Triedený zber papiera, plastov a skla pre právnické osoby"`;

exports[`formDataExtractors > extractFormSubject > oloTriedenyZberPapieraPlastovASklaPreSpravcovskeSpolocnostiExample form subject should match snapshot 1`] = `"Triedený zber papiera, plastov a skla pre správcovské spoločnosti"`;

exports[`formDataExtractors > extractFormSubject > oloUzatvorenieZmluvyONakladaniSOdpadom form subject should match snapshot 1`] = `"Uzatvorenie zmluvy o nakladaní s odpadom"`;

exports[`formDataExtractors > extractFormSubject > oznamenieOPoplatkovejPovinnostiZaKomunalneOdpadyExample form subject should match snapshot 1`] = `"Oznámenie o poplatkovej povinnosti za komunálne odpady"`;

exports[`formDataExtractors > extractFormSubject > predzahradkyExample form subject should match snapshot 1`] = `"Registrácia novej predzáhradky"`;

exports[`formDataExtractors > extractFormSubject > priznanieKDaniZNehnutelnostiExample1 form subject should match snapshot 1`] = `"Priznanie k dani z nehnuteľností"`;

exports[`formDataExtractors > extractFormSubject > priznanieKDaniZNehnutelnostiExample2 form subject should match snapshot 1`] = `"Priznanie k dani z nehnuteľností"`;

exports[`formDataExtractors > extractFormSubject > priznanieKDaniZNehnutelnostiExample3 form subject should match snapshot 1`] = `"Priznanie k dani z nehnuteľností"`;

exports[`formDataExtractors > extractFormSubject > priznanieKDaniZNehnutelnostiExample4 form subject should match snapshot 1`] = `"Priznanie k dani z nehnuteľností"`;

exports[`formDataExtractors > extractFormSubject > priznanieKDaniZNehnutelnostiExample5 form subject should match snapshot 1`] = `"Priznanie k dani z nehnuteľností"`;

exports[`formDataExtractors > extractFormSubject > stanoviskoKInvesticnemuZameruExample form subject should match snapshot 1`] = `"Nový Bytový Dom"`;

exports[`formDataExtractors > extractFormSubject > zavazneStanoviskoKInvesticnejCinnostiExample form subject should match snapshot 1`] = `"Nový Bytový Dom"`;

exports[`formDataExtractors > extractFormSubject > ziadostONajomBytuExample form subject should match snapshot 1`] = `"Žiadosť o nájom bytu"`;

exports[`formDataExtractors > extractFormSubject > ziadostOSlobodnyPristupKInformaciamExample form subject should match snapshot 1`] = `"Žiadosť o sprístupnenie informácií podľa zákona č. 211/2000 Z.z."`;

exports[`formDataExtractors > extractGinisSubject > komunitneZahradyExample GINIS subject should match snapshot 1`] = `"Žiadosť o komunitnú záhradu - odporúčaný mestský pozemok"`;

exports[`formDataExtractors > extractGinisSubject > oznamenieOPoplatkovejPovinnostiZaKomunalneOdpadyExample GINIS subject should match snapshot 1`] = `"Oznámenie o poplatkovej povinnosti za komunálne odpady"`;

exports[`formDataExtractors > extractGinisSubject > predzahradkyExample GINIS subject should match snapshot 1`] = `"Registrácia novej predzáhradky"`;

exports[`formDataExtractors > extractGinisSubject > stanoviskoKInvesticnemuZameruExample GINIS subject should match snapshot 1`] = `"e-SIZ Dunajská Nový Bytový Dom, p.č. 56789 kú Karlova Ves, Dúbravka"`;

exports[`formDataExtractors > extractGinisSubject > zavazneStanoviskoKInvesticnejCinnostiExample GINIS subject should match snapshot 1`] = `"e-ZST Dunajská Nový Bytový Dom, p.č. 56789 kú Karlova Ves, Dúbravka"`;

exports[`formDataExtractors > extractGinisSubject > ziadostONajomBytuExample GINIS subject should match snapshot 1`] = `"Žiadosť o nájom bytu"`;

exports[`formDataExtractors > extractGinisSubject > ziadostOSlobodnyPristupKInformaciamExample GINIS subject should match snapshot 1`] = `"Žiadosť o sprístupnenie informácií podľa zákona č. 211/2000 Z.z."`;
